MAP
    NAME "tirana"
    STATUS ON
    SIZE 256 256
    IMAGECOLOR 255 255 255
    FONTSET "/usr/lib/cgi-bin/fonts.txt"

    WEB
        METADATA
        "wms_encoding" "UTF-8"
        "wms_title" "Municipality of Tirana"
        "wms_abstract" ""
        "wms_enable_request" "*"
        "wms_srs" "EPSG:4326 EPSG:3857 EPSG:6870 EPSG:32634"
        "wms_feature_info_mime_type" "application/vnd.ogc.gml"
        "wms_getfeatureinfo_formatlist" "application/vnd.ogc.gml"
        END
    END

    LEGEND
        LABEL
            FONT "DejaVuSans"
            TYPE truetype
            SIZE 8.0
        END
    END

    PROJECTION
        "init=epsg:32634"
    END

    LAYER
        NAME "streets"
        DATA ../data/Rruge_Akse_Tirana_31012017
        ENCODING "LATIN1"
        TYPE LINE
        STATUS OFF
        PROJECTION
            "init=epsg:32634"
        END
        METADATA
            "wms_title" "Streets"
            "wms_enable_request" "*"
            "wms_include_items" "all"
            "gml_include_items" "all"
            "ows_geometries" "msGeometry"
            "ows_mygeom_type" "line"
        END
        LABELITEM "EMRI"
        CLASSITEM "Kategoria"
        CLASS
            NAME "INTERURBANE DYTESORE"
            EXPRESSION "INTERURBANE DYTESORE"
            STYLE
                COLOR 0 0 255
                OPACITY 30
                WIDTH 5.0
            END # STYLE
            LABEL
                COLOR 0 0 255
                OUTLINECOLOR 255 255 255
                FONT "DejaVuSans"
                TYPE truetype
                SIZE 6
                ANGLE AUTO
                POSITION AUTO
                PARTIALS FALSE
                MAXSCALEDENOM 100000
            END # LABEL
        END # CLASS
        CLASS
            NAME "INTERURBANE KRYESORE"
            EXPRESSION "INTERURBANE KRYESORE"
            STYLE
                COLOR 0 0 255
                OPACITY 30
                WIDTH 7.0
            END # STYLE
            LABEL
                COLOR 0 0 255
                OUTLINECOLOR 255 255 255
                FONT "DejaVuSans"
                TYPE truetype
                SIZE 6
                ANGLE AUTO
                POSITION AUTO
                PARTIALS FALSE
                MAXSCALEDENOM 100000
            END # LABEL
        END # CLASS
        CLASS
            NAME "LOKALE"
            EXPRESSION /LOKALE/i
            STYLE
                COLOR 7 87 186
                OPACITY 30
                WIDTH 3.0
            END # STYLE
            LABEL
                COLOR 7 87 186
                OUTLINECOLOR 255 255 255
                FONT "DejaVuSans"
                TYPE truetype
                SIZE 6
                ANGLE AUTO
                POSITION AUTO
                PARTIALS FALSE
                MAXSCALEDENOM 50000
            END # LABEL
        END # CLASS
        CLASS
            NAME "SEZONALE"
            EXPRESSION "SEZONALE"
            STYLE
                COLOR 3 40 86
                OPACITY 30
                WIDTH 3.0
            END # STYLE
            LABEL
                COLOR 3 40 86
                OUTLINECOLOR 255 255 255
                FONT "DejaVuSans"
                TYPE truetype
                SIZE 6
                ANGLE AUTO
                POSITION AUTO
                PARTIALS FALSE
                MAXSCALEDENOM 25000
            END # LABEL
        END # CLASS
        CLASS
            NAME "URBANE DYTESORE"
            EXPRESSION "URBANE DYTESORE"
            STYLE
                COLOR 0 0 255
                OPACITY 30
                WIDTH 5.0
            END # STYLE
            LABEL
                COLOR 0 0 255
                OUTLINECOLOR 255 255 255
                FONT "DejaVuSans"
                TYPE truetype
                SIZE 6
                ANGLE AUTO
                POSITION AUTO
                PARTIALS FALSE
                MAXSCALEDENOM 100000
            END # LABEL
        END # CLASS
        CLASS
            NAME "URBANE KRYESORE"
            EXPRESSION "URBANE KRYESORE"
            STYLE
                COLOR 0 0 255
                OPACITY 30
                WIDTH 7.0
            END # STYLE
            LABEL
                COLOR 0 0 255
                OUTLINECOLOR 255 255 255
                FONT "DejaVuSans"
                TYPE truetype
                SIZE 6
                ANGLE AUTO
                POSITION AUTO
                PARTIALS FALSE
                MAXSCALEDENOM 100000
            END # LABEL
        END # CLASS
        CLASS
            NAME "-"
            STYLE
                COLOR 157 163 154
                OPACITY 30
                WIDTH 3.0
            END # STYLE
            LABEL
                COLOR 157 163 154
                OUTLINECOLOR 255 255 255
                FONT "DejaVuSans"
                TYPE truetype
                SIZE 6
                ANGLE AUTO
                POSITION AUTO
                PARTIALS FALSE
                MAXSCALEDENOM 25000
            END # LABEL
        END # CLASS
        DUMP TRUE
        TEMPLATE "dummy.html"
    END # LAYER

    LAYER
        NAME "buildings"
        DATA ../data/NDERTESA_2017
        TYPE POLYGON
        STATUS OFF
        PROJECTION
            "init=epsg:32634"
        END
        METADATA
            "wms_title" "Buildings"
            "wms_enable_request" "*"
            "wms_include_items" "all"
            "gml_include_items" "all"
            "ows_geometries" "msGeometry"
            "ows_mygeom_type" "polygon"
        END
        CLASS
            STYLE
                COLOR 0 255 0
                OPACITY 30
                OUTLINECOLOR 0 80 0
                WIDTH 1.0
            END # STYLE
            LABEL
                TEXT '[Floors] floor(s)' 
                COLOR 0 80 0
                FONT "DejaVuSans"
                TYPE truetype
                SIZE 4
                POSITION AUTO
                PARTIALS FALSE
                MAXSCALEDENOM 1000
            END # LABEL
        END # CLASS
        DUMP TRUE
        TEMPLATE "dummy.html"
    END # LAYER
END # MAP
