MAP
    NAME "tirana"
    STATUS ON
    SIZE 256 256
    IMAGECOLOR 255 255 255
    FONTSET "/usr/lib/cgi-bin/fonts.txt"

    WEB
        METADATA
        "wms_encoding" "UTF-8"
        "wms_title" "Municipality of Tirana"
        "wms_abstract" ""
        "wms_enable_request" "*"
        "wms_srs" "EPSG:4326 EPSG:3857"
        #"wms_feature_info_mime_type" "text/plain application/vnd.ogc.gml"
        "wms_getfeatureinfo_formatlist" "application/vnd.ogc.gml,text/html"
        END
    END

    LEGEND
        LABEL
            FONT "DejaVuSans"
            TYPE truetype
            SIZE 8.0
        END
    END

    PROJECTION
        "init=epsg:32634"
    END

    LAYER
        NAME "streets"
        DATA ../data/Rruge_Akse_Tirana_31012017
        ENCODING "LATIN1"
        TYPE LINE
        STATUS OFF
        PROJECTION
            "init=epsg:32634"
        END
        METADATA
            "wms_title" "Streets"
            "wms_enable_request" "*"
            "wms_include_items" "all"
            "gml_include_items" "all"
            "ows_geometries" "mygeom"
            "ows_mygeom_type" "linestring"
        END
        LABELITEM "EMRI"
        CLASS
            STYLE
                COLOR 0 0 255
                OPACITY 30
                WIDTH 5.0
            END # STYLE
            LABEL
                COLOR  0 0 255
                OUTLINECOLOR 255 255 255
                FONT "DejaVuSans"
                TYPE truetype
                SIZE 6
                ANGLE AUTO
                POSITION AUTO
                PARTIALS FALSE
            END # LABEL
        END # CLASS
        DUMP TRUE
        TEMPLATE "dummy.html"
    END # LAYER

    LAYER
        NAME "buildings"
        DATA ../data/NDERTESA_2017
        TYPE POLYGON
        STATUS OFF
        PROJECTION
            "init=epsg:32634"
        END
        METADATA
            "wms_title" "Buildings"
            "wms_enable_request" "*"
            "wms_include_items" "all"
            "gml_include_items" "all"
            "ows_geometries" "mygeom"
            "ows_mygeom_type" "polygon"
        END
        CLASS
            STYLE
                COLOR 0 255 0
                OPACITY 30
                OUTLINECOLOR 0 80 0
                WIDTH 1.0
            END # STYLE
        END # CLASS
        DUMP TRUE
        TEMPLATE "dummy.html"
    END # LAYER
END # MAP
